[sites.google.com/view/finnzunblockedgames/home.html]
[backblue.gif]
[fade.gif]
[index.html]
[ssl.gstatic.com/atari/images/simple-header-blended-small.png]
[apis.google.com/js/clientc932.js]
[sites.google.com/view/finnzunblockedgames/run-3.html]
[sites.google.com/view/finnzunblockedgames/minecraft-classic.html]
[sites.google.com/view/finnzunblockedgames/temple-run-2.html]
[sites.google.com/view/finnzunblockedgames/stickfight-duel.html]
[sites.google.com/view/finnzunblockedgames/home.html]
[sites.google.com/view/finnzunblockedgames/the-impossible-quiz.html]
[sites.google.com/view/finnzunblockedgames/_https_/lablockedgames.com/160x600.8.delayed]
[sites.google.com/view/finnzunblockedgames/_https_/lablockedgames.com/funblocked/run-3/index.9.delayed]
[sites.google.com/view/finnzunblockedgames/run-3.html]
[sites.google.com/view/finnzunblockedgames/_https_/lablockedgames.com/funblocked/minecraft-classic/index.a.delayed]
[sites.google.com/view/finnzunblockedgames/minecraft-classic.html]
[sites.google.com/view/finnzunblockedgames/_https_/lablockedgames.com/funblocked/temple-run-2/index.b.delayed]
[sites.google.com/view/finnzunblockedgames/temple-run-2.html]
[sites.google.com/view/finnzunblockedgames/_https_/lablockedgames.com/funblocked/stick-duel/index.c.delayed]
[sites.google.com/view/finnzunblockedgames/stickfight-duel.html]
[sites.google.com/view/finnzunblockedgames/_https_/lablockedgames.com/funblocked/the-impossible-quiz/index.d.delayed]
[sites.google.com/view/finnzunblockedgames/the-impossible-quiz.html]
[sites.google.com/view/finnzunblockedgames/_https_/lablockedgames.com/160x600.html]
[sites.google.com/view/finnzunblockedgames/_https_/lablockedgames.com/funblocked/run-3/index.html]
[sites.google.com/view/finnzunblockedgames/_https_/lablockedgames.com/funblocked/minecraft-classic/index.html]
[sites.google.com/view/finnzunblockedgames/_https_/lablockedgames.com/funblocked/temple-run-2/index.html]
[sites.google.com/view/finnzunblockedgames/_https_/lablockedgames.com/funblocked/stick-duel/index.html]
[sites.google.com/view/finnzunblockedgames/_https_/lablockedgames.com/funblocked/the-impossible-quiz/index.html]
